Archive member included to satisfy reference by file (symbol)

C:/ST/STM32CubeIDE_1.13.2/STM32CubeIDE/plugins/com.st.stm32cube.ide.mcu.externaltools.gnu-tools-for-stm32.11.3.rel1.win32_1.1.1.202309131626/tools/bin/../lib/gcc/arm-none-eabi/11.3.1/../../../../arm-none-eabi/lib/thumb/v7e-m+fp/hard\libc_nano.a(libc_a-exit.o)
                              C:/ST/STM32CubeIDE_1.13.2/STM32CubeIDE/plugins/com.st.stm32cube.ide.mcu.externaltools.gnu-tools-for-stm32.11.3.rel1.win32_1.1.1.202309131626/tools/bin/../lib/gcc/arm-none-eabi/11.3.1/../../../../arm-none-eabi/lib/thumb/v7e-m+fp/hard/crt0.o (exit)
C:/ST/STM32CubeIDE_1.13.2/STM32CubeIDE/plugins/com.st.stm32cube.ide.mcu.externaltools.gnu-tools-for-stm32.11.3.rel1.win32_1.1.1.202309131626/tools/bin/../lib/gcc/arm-none-eabi/11.3.1/../../../../arm-none-eabi/lib/thumb/v7e-m+fp/hard\libc_nano.a(libc_a-findfp.o)
                              C:/ST/STM32CubeIDE_1.13.2/STM32CubeIDE/plugins/com.st.stm32cube.ide.mcu.externaltools.gnu-tools-for-stm32.11.3.rel1.win32_1.1.1.202309131626/tools/bin/../lib/gcc/arm-none-eabi/11.3.1/../../../../arm-none-eabi/lib/thumb/v7e-m+fp/hard\libc_nano.a(libc_a-exit.o) (__stdio_exit_handler)
C:/ST/STM32CubeIDE_1.13.2/STM32CubeIDE/plugins/com.st.stm32cube.ide.mcu.externaltools.gnu-tools-for-stm32.11.3.rel1.win32_1.1.1.202309131626/tools/bin/../lib/gcc/arm-none-eabi/11.3.1/../../../../arm-none-eabi/lib/thumb/v7e-m+fp/hard\libc_nano.a(libc_a-fwalk.o)
                              C:/ST/STM32CubeIDE_1.13.2/STM32CubeIDE/plugins/com.st.stm32cube.ide.mcu.externaltools.gnu-tools-for-stm32.11.3.rel1.win32_1.1.1.202309131626/tools/bin/../lib/gcc/arm-none-eabi/11.3.1/../../../../arm-none-eabi/lib/thumb/v7e-m+fp/hard\libc_nano.a(libc_a-findfp.o) (_fwalk_sglue)
C:/ST/STM32CubeIDE_1.13.2/STM32CubeIDE/plugins/com.st.stm32cube.ide.mcu.externaltools.gnu-tools-for-stm32.11.3.rel1.win32_1.1.1.202309131626/tools/bin/../lib/gcc/arm-none-eabi/11.3.1/../../../../arm-none-eabi/lib/thumb/v7e-m+fp/hard\libc_nano.a(libc_a-stdio.o)
                              C:/ST/STM32CubeIDE_1.13.2/STM32CubeIDE/plugins/com.st.stm32cube.ide.mcu.externaltools.gnu-tools-for-stm32.11.3.rel1.win32_1.1.1.202309131626/tools/bin/../lib/gcc/arm-none-eabi/11.3.1/../../../../arm-none-eabi/lib/thumb/v7e-m+fp/hard\libc_nano.a(libc_a-findfp.o) (__sread)
C:/ST/STM32CubeIDE_1.13.2/STM32CubeIDE/plugins/com.st.stm32cube.ide.mcu.externaltools.gnu-tools-for-stm32.11.3.rel1.win32_1.1.1.202309131626/tools/bin/../lib/gcc/arm-none-eabi/11.3.1/../../../../arm-none-eabi/lib/thumb/v7e-m+fp/hard\libc_nano.a(libc_a-memset.o)
                              C:/ST/STM32CubeIDE_1.13.2/STM32CubeIDE/plugins/com.st.stm32cube.ide.mcu.externaltools.gnu-tools-for-stm32.11.3.rel1.win32_1.1.1.202309131626/tools/bin/../lib/gcc/arm-none-eabi/11.3.1/../../../../arm-none-eabi/lib/thumb/v7e-m+fp/hard/crt0.o (memset)
C:/ST/STM32CubeIDE_1.13.2/STM32CubeIDE/plugins/com.st.stm32cube.ide.mcu.externaltools.gnu-tools-for-stm32.11.3.rel1.win32_1.1.1.202309131626/tools/bin/../lib/gcc/arm-none-eabi/11.3.1/../../../../arm-none-eabi/lib/thumb/v7e-m+fp/hard\libc_nano.a(libc_a-closer.o)
                              C:/ST/STM32CubeIDE_1.13.2/STM32CubeIDE/plugins/com.st.stm32cube.ide.mcu.externaltools.gnu-tools-for-stm32.11.3.rel1.win32_1.1.1.202309131626/tools/bin/../lib/gcc/arm-none-eabi/11.3.1/../../../../arm-none-eabi/lib/thumb/v7e-m+fp/hard\libc_nano.a(libc_a-stdio.o) (_close_r)
C:/ST/STM32CubeIDE_1.13.2/STM32CubeIDE/plugins/com.st.stm32cube.ide.mcu.externaltools.gnu-tools-for-stm32.11.3.rel1.win32_1.1.1.202309131626/tools/bin/../lib/gcc/arm-none-eabi/11.3.1/../../../../arm-none-eabi/lib/thumb/v7e-m+fp/hard\libc_nano.a(libc_a-reent.o)
                              C:/ST/STM32CubeIDE_1.13.2/STM32CubeIDE/plugins/com.st.stm32cube.ide.mcu.externaltools.gnu-tools-for-stm32.11.3.rel1.win32_1.1.1.202309131626/tools/bin/../lib/gcc/arm-none-eabi/11.3.1/../../../../arm-none-eabi/lib/thumb/v7e-m+fp/hard\libc_nano.a(libc_a-closer.o) (errno)
C:/ST/STM32CubeIDE_1.13.2/STM32CubeIDE/plugins/com.st.stm32cube.ide.mcu.externaltools.gnu-tools-for-stm32.11.3.rel1.win32_1.1.1.202309131626/tools/bin/../lib/gcc/arm-none-eabi/11.3.1/../../../../arm-none-eabi/lib/thumb/v7e-m+fp/hard\libc_nano.a(libc_a-impure.o)
                              C:/ST/STM32CubeIDE_1.13.2/STM32CubeIDE/plugins/com.st.stm32cube.ide.mcu.externaltools.gnu-tools-for-stm32.11.3.rel1.win32_1.1.1.202309131626/tools/bin/../lib/gcc/arm-none-eabi/11.3.1/../../../../arm-none-eabi/lib/thumb/v7e-m+fp/hard\libc_nano.a(libc_a-reent.o) (_impure_ptr)
C:/ST/STM32CubeIDE_1.13.2/STM32CubeIDE/plugins/com.st.stm32cube.ide.mcu.externaltools.gnu-tools-for-stm32.11.3.rel1.win32_1.1.1.202309131626/tools/bin/../lib/gcc/arm-none-eabi/11.3.1/../../../../arm-none-eabi/lib/thumb/v7e-m+fp/hard\libc_nano.a(libc_a-lseekr.o)
[...]
Memory Configuration

Name             Origin             Length             Attributes
RAM              0x0000000020000000 0x0000000000028000 xrw
SRAM2            0x0000000010000000 0x0000000000008000 xrw
FLASH            0x0000000008000000 0x0000000000080000 xr
*default*        0x0000000000000000 0xffffffffffffffff

Linker script and memory map

LOAD C:/ST/STM32CubeIDE_1.13.2/STM32CubeIDE/plugins/com.st.stm32cube.ide.mcu.externaltools.gnu-tools-for-stm32.11.3.rel1.win32_1.1.1.202309131626/tools/bin/../lib/gcc/arm-none-eabi/11.3.1/thumb/v7e-m+fp/hard/crti.o
LOAD C:/ST/STM32CubeIDE_1.13.2/STM32CubeIDE/plugins/com.st.stm32cube.ide.mcu.externaltools.gnu-tools-for-stm32.11.3.rel1.win32_1.1.1.202309131626/tools/bin/../lib/gcc/arm-none-eabi/11.3.1/thumb/v7e-m+fp/hard/crtbegin.o
LOAD C:/ST/STM32CubeIDE_1.13.2/STM32CubeIDE/plugins/com.st.stm32cube.ide.mcu.externaltools.gnu-tools-for-stm32.11.3.rel1.win32_1.1.1.202309131626/tools/bin/../lib/gcc/arm-none-eabi/11.3.1/../../../../arm-none-eabi/lib/thumb/v7e-m+fp/hard/crt0.o
LOAD ./Src/UART.o
LOAD ./Src/main.o
LOAD ./Src/syscalls.o
LOAD ./Src/sysmem.o
LOAD ./Startup/startup_stm32l452retx.o
START GROUP
LOAD C:/ST/STM32CubeIDE_1.13.2/STM32CubeIDE/plugins/com.st.stm32cube.ide.mcu.externaltools.gnu-tools-for-stm32.11.3.rel1.win32_1.1.1.202309131626/tools/bin/../lib/gcc/arm-none-eabi/11.3.1/../../../../arm-none-eabi/lib/thumb/v7e-m+fp/hard\libc_nano.a
LOAD C:/ST/STM32CubeIDE_1.13.2/STM32CubeIDE/plugins/com.st.stm32cube.ide.mcu.externaltools.gnu-tools-for-stm32.11.3.rel1.win32_1.1.1.202309131626/tools/bin/../lib/gcc/arm-none-eabi/11.3.1/../../../../arm-none-eabi/lib/thumb/v7e-m+fp/hard\libm.a
END GROUP
START GROUP
LOAD C:/ST/STM32CubeIDE_1.13.2/STM32CubeIDE/plugins/com.st.stm32cube.ide.mcu.externaltools.gnu-tools-for-stm32.11.3.rel1.win32_1.1.1.202309131626/tools/bin/../lib/gcc/arm-none-eabi/11.3.1/thumb/v7e-m+fp/hard\libgcc.a
LOAD C:/ST/STM32CubeIDE_1.13.2/STM32CubeIDE/plugins/com.st.stm32cube.ide.mcu.externaltools.gnu-tools-for-stm32.11.3.rel1.win32_1.1.1.202309131626/tools/bin/../lib/gcc/arm-none-eabi/11.3.1/../../../../arm-none-eabi/lib/thumb/v7e-m+fp/hard\libc_nano.a
END GROUP
START GROUP
LOAD C:/ST/STM32CubeIDE_1.13.2/STM32CubeIDE/plugins/com.st.stm32cube.ide.mcu.externaltools.gnu-tools-for-stm32.11.3.rel1.win32_1.1.1.202309131626/tools/bin/../lib/gcc/arm-none-eabi/11.3.1/thumb/v7e-m+fp/hard\libgcc.a
LOAD C:/ST/STM32CubeIDE_1.13.2/STM32CubeIDE/plugins/com.st.stm32cube.ide.mcu.externaltools.gnu-tools-for-stm32.11.3.rel1.win32_1.1.1.202309131626/tools/bin/../lib/gcc/arm-none-eabi/11.3.1/../../../../arm-none-eabi/lib/thumb/v7e-m+fp/hard\libc_nano.a
LOAD C:/ST/STM32CubeIDE_1.13.2/STM32CubeIDE/plugins/com.st.stm32cube.ide.mcu.externaltools.gnu-tools-for-stm32.11.3.rel1.win32_1.1.1.202309131626/tools/bin/../lib/gcc/arm-none-eabi/11.3.1/../../../../arm-none-eabi/lib/thumb/v7e-m+fp/hard\libnosys.a
END GROUP
START GROUP
LOAD C:/ST/STM32CubeIDE_1.13.2/STM32CubeIDE/plugins/com.st.stm32cube.ide.mcu.externaltools.gnu-tools-for-stm32.11.3.rel1.win32_1.1.1.202309131626/tools/bin/../lib/gcc/arm-none-eabi/11.3.1/thumb/v7e-m+fp/hard\libgcc.a
LOAD C:/ST/STM32CubeIDE_1.13.2/STM32CubeIDE/plugins/com.st.stm32cube.ide.mcu.externaltools.gnu-tools-for-stm32.11.3.rel1.win32_1.1.1.202309131626/tools/bin/../lib/gcc/arm-none-eabi/11.3.1/../../../../arm-none-eabi/lib/thumb/v7e-m+fp/hard\libc_nano.a
LOAD C:/ST/STM32CubeIDE_1.13.2/STM32CubeIDE/plugins/com.st.stm32cube.ide.mcu.externaltools.gnu-tools-for-stm32.11.3.rel1.win32_1.1.1.202309131626/tools/bin/../lib/gcc/arm-none-eabi/11.3.1/../../../../arm-none-eabi/lib/thumb/v7e-m+fp/hard\libnosys.a
END GROUP
LOAD C:/ST/STM32CubeIDE_1.13.2/STM32CubeIDE/plugins/com.st.stm32cube.ide.mcu.externaltools.gnu-tools-for-stm32.11.3.rel1.win32_1.1.1.202309131626/tools/bin/../lib/gcc/arm-none-eabi/11.3.1/thumb/v7e-m+fp/hard/crtend.o
LOAD C:/ST/STM32CubeIDE_1.13.2/STM32CubeIDE/plugins/com.st.stm32cube.ide.mcu.externaltools.gnu-tools-for-stm32.11.3.rel1.win32_1.1.1.202309131626/tools/bin/../lib/gcc/arm-none-eabi/11.3.1/thumb/v7e-m+fp/hard/crtn.o
                0x0000000020028000                _estack = (ORIGIN (RAM) + LENGTH (RAM))
                0x0000000000000200                _Min_Heap_Size = 0x200
                0x0000000000000400                _Min_Stack_Size = 0x400

.isr_vector     0x0000000008000000      0x194
                0x0000000008000000                . = ALIGN (0x4)
 *(.isr_vector)
 .isr_vector    0x0000000008000000      0x194 ./Startup/startup_stm32l452retx.o
                0x0000000008000000                g_pfnVectors
                0x0000000008000194                . = ALIGN (0x4)

.text           0x0000000008000194      0x2f0
                0x0000000008000194                . = ALIGN (0x4)
 *(.text)
 .text          0x0000000008000194       0x40 C:/ST/STM32CubeIDE_1.13.2/STM32CubeIDE/plugins/com.st.stm32cube.ide.mcu.externaltools.gnu-tools-for-stm32.11.3.rel1.win32_1.1.1.202309131626/tools/bin/../lib/gcc/arm-none-eabi/11.3.1/thumb/v7e-m+fp/hard/crtbegin.o
 *(.text*)
 .text.UART2_RxTx_Init
                0x00000000080001d4      0x10c ./Src/UART.o
                0x00000000080001d4                UART2_RxTx_Init
 .text.UART_Compute_Div
                0x00000000080002e0       0x26 ./Src/UART.o
 .text.UART_BaudRate_Config
                0x0000000008000306       0x24 ./Src/UART.o
 .text.UART2_Read
                0x000000000800032a       0x2a ./Src/UART.o
                0x000000000800032a                UART2_Read
 .text.main     0x0000000008000354       0x7c ./Src/main.o
                0x0000000008000354                main
 .text.Reset_Handler
                0x00000000080003d0       0x50 ./Startup/startup_stm32l452retx.o
                0x00000000080003d0                Reset_Handler
 .text.Default_Handler
                0x0000000008000420        0x2 ./Startup/startup_stm32l452retx.o
                0x0000000008000420                EXTI2_IRQHandler
                0x0000000008000420                DebugMon_Handler
                0x0000000008000420                DMA1_CH4_IRQHandler
                0x0000000008000420                TIM1_CC_IRQHandler
                0x0000000008000420                TSC_IRQHandler
                0x0000000008000420                HardFault_Handler
                0x0000000008000420                SysTick_Handler
                0x0000000008000420                PendSV_Handler
                0x0000000008000420                NMI_Handler
                0x0000000008000420                EXTI3_IRQHandler
                0x0000000008000420                LPTIM2_IRQHandler
                0x0000000008000420                DFSDM1_FLT1_IRQHandler
                0x0000000008000420                USB_FS_IRQHandler
                0x0000000008000420                I2C3_ER_IRQHandler
                0x0000000008000420                DFSDM1_FLT2_IRQHandler
                0x0000000008000420                TIM6_DACUNDER_IRQHandler
                0x0000000008000420                EXTI0_IRQHandler
                0x0000000008000420                I2C2_EV_IRQHandler
                0x0000000008000420                DMA2_CH1_IRQHandler
                0x0000000008000420                CAN1_RX0_IRQHandler
                0x0000000008000420                TIM1_UP_TIM16_IRQHandler
                0x0000000008000420                DMA2_CH7_IRQHandler
                0x0000000008000420                UsageFault_Handler
                0x0000000008000420                SPI1_IRQHandler
                0x0000000008000420                DMA1_CH7_IRQHandler
                0x0000000008000420                RTC_ALARM_IRQHandler
                0x0000000008000420                ADC1_IRQHandler
                0x0000000008000420                DFSDM1_FLT3_IRQHandler
                0x0000000008000420                DMA1_CH6_IRQHandler
                0x0000000008000420                USART3_IRQHandler
                0x0000000008000420                CAN1_RX1_IRQHandler
                0x0000000008000420                LCD_IRQHandler
                0x0000000008000420                ADC3_IRQHandler
                0x0000000008000420                QUADSPI_IRQHandler
                0x0000000008000420                I2C1_EV_IRQHandler
                0x0000000008000420                DMA2_CH5_IRQHandler
                0x0000000008000420                UART4_IRQHandler
                0x0000000008000420                DMA1_CH3_IRQHandler
                0x0000000008000420                TIM3_IRQHandler
                0x0000000008000420                RCC_IRQHandler
                0x0000000008000420                TIM1_TRG_COM_IRQHandler
                0x0000000008000420                Default_Handler
                0x0000000008000420                EXTI15_10_IRQHandler
                0x0000000008000420                TIM7_IRQHandler
                0x0000000008000420                SDMMC1_IRQHandler
                0x0000000008000420                I2C3_EV_IRQHandler
                0x0000000008000420                EXTI9_5_IRQHandler
                0x0000000008000420                DMA1_CH2_IRQHandler
                0x0000000008000420                RTC_WKUP_IRQHandler
                0x0000000008000420                PVD_PVM_IRQHandler
                0x0000000008000420                SPI2_IRQHandler
                0x0000000008000420                DMA1_CH1_IRQHandler
                0x0000000008000420                MemManage_Handler
                0x0000000008000420                CAN1_TX_IRQHandler
                0x0000000008000420                SVC_Handler
                0x0000000008000420                CRS_IRQHandler
                0x0000000008000420                EXTI4_IRQHandler
                0x0000000008000420                RNG_IRQHandler
                0x0000000008000420                COMP_IRQHandler
                0x0000000008000420                WWDG_IRQHandler
                0x0000000008000420                I2C4_EV_IRQHandler
                0x0000000008000420                LPUART1_IRQHandler
                0x0000000008000420                TIM2_IRQHandler
                0x0000000008000420                EXTI1_IRQHandler
                0x0000000008000420                AES_IRQHandler
                0x0000000008000420                USART2_IRQHandler
                0x0000000008000420                DFSDM1_FLT0_IRQHandler
                0x0000000008000420                I2C2_ER_IRQHandler
                0x0000000008000420                CAN1_SCE_IRQHandler
                0x0000000008000420                FLASH_IRQHandler
                0x0000000008000420                BusFault_Handler
                0x0000000008000420                USART1_IRQHandler
                0x0000000008000420                SPI3_IRQHandler
                0x0000000008000420                DMA2_CH6_IRQHandler
                0x0000000008000420                DMA2_CH3_IRQHandler
                0x0000000008000420                DMA2_CH2_IRQHandler
                0x0000000008000420                I2C1_ER_IRQHandler
                0x0000000008000420                DMA1_CH5_IRQHandler
                0x0000000008000420                DMA2_CH4_IRQHandler
                0x0000000008000420                SWPMI1_IRQHandler
                0x0000000008000420                LPTIM1_IRQHandler
                0x0000000008000420                I2C4_ER_IRQHandler
                0x0000000008000420                RTC_TAMP_STAMP_IRQHandler
                0x0000000008000420                SAI1_IRQHandler
                0x0000000008000420                TIM1_BRK_TIM15_IRQHandler
 *fill*         0x0000000008000422        0x2 
 .text.__libc_init_array
                0x0000000008000424       0x48 C:/ST/STM32CubeIDE_1.13.2/STM32CubeIDE/plugins/com.st.stm32cube.ide.mcu.externaltools.gnu-tools-for-stm32.11.3.rel1.win32_1.1.1.202309131626/tools/bin/../lib/gcc/arm-none-eabi/11.3.1/../../../../arm-none-eabi/lib/thumb/v7e-m+fp/hard\libc_nano.a(libc_a-init.o)
                0x0000000008000424                __libc_init_array
 *(.glue_7)
 .glue_7        0x000000000800046c        0x0 linker stubs
 *(.glue_7t)
 .glue_7t       0x000000000800046c        0x0 linker stubs
 *(.eh_frame)
 .eh_frame      0x000000000800046c        0x0 C:/ST/STM32CubeIDE_1.13.2/STM32CubeIDE/plugins/com.st.stm32cube.ide.mcu.externaltools.gnu-tools-for-stm32.11.3.rel1.win32_1.1.1.202309131626/tools/bin/../lib/gcc/arm-none-eabi/11.3.1/thumb/v7e-m+fp/hard/crtbegin.o
 *(.init)
 .init          0x000000000800046c        0x4 C:/ST/STM32CubeIDE_1.13.2/STM32CubeIDE/plugins/com.st.stm32cube.ide.mcu.externaltools.gnu-tools-for-stm32.11.3.rel1.win32_1.1.1.202309131626/tools/bin/../lib/gcc/arm-none-eabi/11.3.1/thumb/v7e-m+fp/hard/crti.o
                0x000000000800046c                _init
 .init          0x0000000008000470        0x8 C:/ST/STM32CubeIDE_1.13.2/STM32CubeIDE/plugins/com.st.stm32cube.ide.mcu.externaltools.gnu-tools-for-stm32.11.3.rel1.win32_1.1.1.202309131626/tools/bin/../lib/gcc/arm-none-eabi/11.3.1/thumb/v7e-m+fp/hard/crtn.o
 *(.fini)
 .fini          0x0000000008000478        0x4 C:/ST/STM32CubeIDE_1.13.2/STM32CubeIDE/plugins/com.st.stm32cube.ide.mcu.externaltools.gnu-tools-for-stm32.11.3.rel1.win32_1.1.1.202309131626/tools/bin/../lib/gcc/arm-none-eabi/11.3.1/thumb/v7e-m+fp/hard/crti.o
                0x0000000008000478                _fini
 .fini          0x000000000800047c        0x8 C:/ST/STM32CubeIDE_1.13.2/STM32CubeIDE/plugins/com.st.stm32cube.ide.mcu.externaltools.gnu-tools-for-stm32.11.3.rel1.win32_1.1.1.202309131626/tools/bin/../lib/gcc/arm-none-eabi/11.3.1/thumb/v7e-m+fp/hard/crtn.o
                0x0000000008000484                . = ALIGN (0x4)
                0x0000000008000484                _etext = .

.vfp11_veneer   0x0000000008000484        0x0
 .vfp11_veneer  0x0000000008000484        0x0 linker stubs

.v4_bx          0x0000000008000484        0x0
 .v4_bx         0x0000000008000484        0x0 linker stubs

.iplt           0x0000000008000484        0x0
 .iplt          0x0000000008000484        0x0 C:/ST/STM32CubeIDE_1.13.2/STM32CubeIDE/plugins/com.st.stm32cube.ide.mcu.externaltools.gnu-tools-for-stm32.11.3.rel1.win32_1.1.1.202309131626/tools/bin/../lib/gcc/arm-none-eabi/11.3.1/thumb/v7e-m+fp/hard/crtbegin.o

.rel.dyn        0x0000000008000484        0x0
 .rel.iplt      0x0000000008000484        0x0 C:/ST/STM32CubeIDE_1.13.2/STM32CubeIDE/plugins/com.st.stm32cube.ide.mcu.externaltools.gnu-tools-for-stm32.11.3.rel1.win32_1.1.1.202309131626/tools/bin/../lib/gcc/arm-none-eabi/11.3.1/thumb/v7e-m+fp/hard/crtbegin.o

.rodata         0x0000000008000484        0x0
                0x0000000008000484                . = ALIGN (0x4)
 *(.rodata)
 *(.rodata*)
                0x0000000008000484                . = ALIGN (0x4)

.ARM.extab      0x0000000008000484        0x0
                0x0000000008000484                . = ALIGN (0x4)
 *(.ARM.extab* .gnu.linkonce.armextab.*)
                0x0000000008000484                . = ALIGN (0x4)

.ARM            0x0000000008000484        0x0
                0x0000000008000484                . = ALIGN (0x4)
                0x0000000008000484                __exidx_start = .
 *(.ARM.exidx*)
                0x0000000008000484                __exidx_end = .
                0x0000000008000484                . = ALIGN (0x4)

.preinit_array  0x0000000008000484        0x0
                0x0000000008000484                . = ALIGN (0x4)
                0x0000000008000484                PROVIDE (__preinit_array_start = .)
 *(.preinit_array*)
                0x0000000008000484                PROVIDE (__preinit_array_end = .)
                0x0000000008000484                . = ALIGN (0x4)

.init_array     0x0000000008000484        0x4
                0x0000000008000484                . = ALIGN (0x4)
                0x0000000008000484                PROVIDE (__init_array_start = .)
 *(SORT_BY_NAME(.init_array.*))
 *(.init_array*)
 .init_array    0x0000000008000484        0x4 C:/ST/STM32CubeIDE_1.13.2/STM32CubeIDE/plugins/com.st.stm32cube.ide.mcu.externaltools.gnu-tools-for-stm32.11.3.rel1.win32_1.1.1.202309131626/tools/bin/../lib/gcc/arm-none-eabi/11.3.1/thumb/v7e-m+fp/hard/crtbegin.o
                0x0000000008000488                PROVIDE (__init_array_end = .)
                0x0000000008000488                . = ALIGN (0x4)

.fini_array     0x0000000008000488        0x4
                0x0000000008000488                . = ALIGN (0x4)
                [!provide]                        PROVIDE (__fini_array_start = .)
 *(SORT_BY_NAME(.fini_array.*))
 *(.fini_array*)
 .fini_array    0x0000000008000488        0x4 C:/ST/STM32CubeIDE_1.13.2/STM32CubeIDE/plugins/com.st.stm32cube.ide.mcu.externaltools.gnu-tools-for-stm32.11.3.rel1.win32_1.1.1.202309131626/tools/bin/../lib/gcc/arm-none-eabi/11.3.1/thumb/v7e-m+fp/hard/crtbegin.o
                [!provide]                        PROVIDE (__fini_array_end = .)
                0x000000000800048c                . = ALIGN (0x4)
                0x000000000800048c                _sidata = LOADADDR (.data)

.data           0x0000000020000000        0x0 load address 0x000000000800048c
                0x0000000020000000                . = ALIGN (0x4)
                0x0000000020000000                _sdata = .
 *(.data)
 *(.data*)
 *(.RamFunc)
 *(.RamFunc*)
                0x0000000020000000                . = ALIGN (0x4)
                0x0000000020000000                _edata = .
                0x000000000800048c                _sisram2 = LOADADDR (.sram2)

.igot.plt       0x0000000020000000        0x0 load address 0x000000000800048c
 .igot.plt      0x0000000020000000        0x0 C:/ST/STM32CubeIDE_1.13.2/STM32CubeIDE/plugins/com.st.stm32cube.ide.mcu.externaltools.gnu-tools-for-stm32.11.3.rel1.win32_1.1.1.202309131626/tools/bin/../lib/gcc/arm-none-eabi/11.3.1/thumb/v7e-m+fp/hard/crtbegin.o

.sram2          0x0000000010000000        0x0 load address 0x000000000800048c
                0x0000000010000000                . = ALIGN (0x4)
                0x0000000010000000                _ssram2 = .
 *(.sram2)
 *(.sram2*)
                0x0000000010000000                . = ALIGN (0x4)
                0x0000000010000000                _esram2 = .
                0x0000000010000000                . = ALIGN (0x4)

.bss            0x0000000020000000       0x20
                0x0000000020000000                _sbss = .
                0x0000000020000000                __bss_start__ = _sbss
 *(.bss)
 .bss           0x0000000020000000       0x1c C:/ST/STM32CubeIDE_1.13.2/STM32CubeIDE/plugins/com.st.stm32cube.ide.mcu.externaltools.gnu-tools-for-stm32.11.3.rel1.win32_1.1.1.202309131626/tools/bin/../lib/gcc/arm-none-eabi/11.3.1/thumb/v7e-m+fp/hard/crtbegin.o
 *(.bss*)
 .bss.rcvd_data
                0x000000002000001c        0x1 ./Src/main.o
                0x000000002000001c                rcvd_data
 *(COMMON)
                0x0000000020000020                . = ALIGN (0x4)
 *fill*         0x000000002000001d        0x3 
                0x0000000020000020                _ebss = .
                0x0000000020000020                __bss_end__ = _ebss

._user_heap_stack
                0x0000000020000020      0x600
                0x0000000020000020                . = ALIGN (0x8)
                [!provide]                        PROVIDE (end = .)
                0x0000000020000020                PROVIDE (_end = .)
                0x0000000020000220                . = (. + _Min_Heap_Size)
 *fill*         0x0000000020000020      0x200 
                0x0000000020000620                . = (. + _Min_Stack_Size)
 *fill*         0x0000000020000220      0x400 
                0x0000000020000620                . = ALIGN (0x8)

/DISCARD/
 libc.a(*)
 libm.a(*)
 libgcc.a(*)

.ARM.attributes
                0x0000000000000000       0x30
 *(.ARM.attributes)
 .ARM.attributes
                0x0000000000000000       0x1e C:/ST/STM32CubeIDE_1.13.2/STM32CubeIDE/plugins/com.st.stm32cube.ide.mcu.externaltools.gnu-tools-for-stm32.11.3.rel1.win32_1.1.1.202309131626/tools/bin/../lib/gcc/arm-none-eabi/11.3.1/thumb/v7e-m+fp/hard/crti.o
 .ARM.attributes
                0x000000000000001e       0x34 C:/ST/STM32CubeIDE_1.13.2/STM32CubeIDE/plugins/com.st.stm32cube.ide.mcu.externaltools.gnu-tools-for-stm32.11.3.rel1.win32_1.1.1.202309131626/tools/bin/../lib/gcc/arm-none-eabi/11.3.1/thumb/v7e-m+fp/hard/crtbegin.o
 .ARM.attributes
                0x0000000000000052       0x34 ./Src/UART.o
 .ARM.attributes
                0x0000000000000086       0x34 ./Src/main.o
 .ARM.attributes
                0x00000000000000ba       0x21 ./Startup/startup_stm32l452retx.o
 .ARM.attributes
                0x00000000000000db       0x34 C:/ST/STM32CubeIDE_1.13.2/STM32CubeIDE/plugins/com.st.stm32cube.ide.mcu.externaltools.gnu-tools-for-stm32.11.3.rel1.win32_1.1.1.202309131626/tools/bin/../lib/gcc/arm-none-eabi/11.3.1/../../../../arm-none-eabi/lib/thumb/v7e-m+fp/hard\libc_nano.a(libc_a-init.o)
 .ARM.attributes
                0x000000000000010f       0x1e C:/ST/STM32CubeIDE_1.13.2/STM32CubeIDE/plugins/com.st.stm32cube.ide.mcu.externaltools.gnu-tools-for-stm32.11.3.rel1.win32_1.1.1.202309131626/tools/bin/../lib/gcc/arm-none-eabi/11.3.1/thumb/v7e-m+fp/hard/crtn.o
OUTPUT(7_UART_RxTx_Mod.elf elf32-littlearm)
LOAD linker stubs
LOAD C:/ST/STM32CubeIDE_1.13.2/STM32CubeIDE/plugins/com.st.stm32cube.ide.mcu.externaltools.gnu-tools-for-stm32.11.3.rel1.win32_1.1.1.202309131626/tools/bin/../lib/gcc/arm-none-eabi/11.3.1/../../../../arm-none-eabi/lib/thumb/v7e-m+fp/hard\libc.a
LOAD C:/ST/STM32CubeIDE_1.13.2/STM32CubeIDE/plugins/com.st.stm32cube.ide.mcu.externaltools.gnu-tools-for-stm32.11.3.rel1.win32_1.1.1.202309131626/tools/bin/../lib/gcc/arm-none-eabi/11.3.1/../../../../arm-none-eabi/lib/thumb/v7e-m+fp/hard\libm.a
LOAD C:/ST/STM32CubeIDE_1.13.2/STM32CubeIDE/plugins/com.st.stm32cube.ide.mcu.externaltools.gnu-tools-for-stm32.11.3.rel1.win32_1.1.1.202309131626/tools/bin/../lib/gcc/arm-none-eabi/11.3.1/thumb/v7e-m+fp/hard\libgcc.a

.comment        0x0000000000000000       0x43
 .comment       0x0000000000000000       0x43 C:/ST/STM32CubeIDE_1.13.2/STM32CubeIDE/plugins/com.st.stm32cube.ide.mcu.externaltools.gnu-tools-for-stm32.11.3.rel1.win32_1.1.1.202309131626/tools/bin/../lib/gcc/arm-none-eabi/11.3.1/thumb/v7e-m+fp/hard/crtbegin.o
                                         0x44 (size before relaxing)
 .comment       0x0000000000000043       0x44 ./Src/UART.o
 .comment       0x0000000000000043       0x44 ./Src/main.o

.debug_info     0x0000000000000000      0xa2b
 .debug_info    0x0000000000000000      0x575 ./Src/UART.o
 .debug_info    0x0000000000000575      0x493 ./Src/main.o
 .debug_info    0x0000000000000a08       0x23 ./Startup/startup_stm32l452retx.o

.debug_abbrev   0x0000000000000000      0x27d
 .debug_abbrev  0x0000000000000000      0x168 ./Src/UART.o
 .debug_abbrev  0x0000000000000168      0x103 ./Src/main.o
 .debug_abbrev  0x000000000000026b       0x12 ./Startup/startup_stm32l452retx.o

.debug_aranges  0x0000000000000000       0x98
 .debug_aranges
                0x0000000000000000       0x50 ./Src/UART.o
 .debug_aranges
                0x0000000000000050       0x20 ./Src/main.o
 .debug_aranges
                0x0000000000000070       0x28 ./Startup/startup_stm32l452retx.o

.debug_rnglists
                0x0000000000000000       0x65
 .debug_rnglists
                0x0000000000000000       0x39 ./Src/UART.o
 .debug_rnglists
                0x0000000000000039       0x13 ./Src/main.o
 .debug_rnglists
                0x000000000000004c       0x19 ./Startup/startup_stm32l452retx.o

.debug_macro    0x0000000000000000    0x193b5
 .debug_macro   0x0000000000000000       0xdd ./Src/UART.o
 .debug_macro   0x00000000000000dd      0xaba ./Src/UART.o
 .debug_macro   0x0000000000000b97       0x28 ./Src/UART.o
 .debug_macro   0x0000000000000bbf       0x28 ./Src/UART.o
 .debug_macro   0x0000000000000be7       0x22 ./Src/UART.o
 .debug_macro   0x0000000000000c09       0x8e ./Src/UART.o
 .debug_macro   0x0000000000000c97       0x51 ./Src/UART.o
 .debug_macro   0x0000000000000ce8      0x103 ./Src/UART.o
 .debug_macro   0x0000000000000deb       0x6a ./Src/UART.o
 .debug_macro   0x0000000000000e55      0x1df ./Src/UART.o
 .debug_macro   0x0000000000001034       0x1c ./Src/UART.o
 .debug_macro   0x0000000000001050       0x22 ./Src/UART.o
 .debug_macro   0x0000000000001072       0xfb ./Src/UART.o
 .debug_macro   0x000000000000116d     0x1011 ./Src/UART.o
 .debug_macro   0x000000000000217e      0x11f ./Src/UART.o
 .debug_macro   0x000000000000229d    0x16336 ./Src/UART.o
 .debug_macro   0x00000000000185d3       0x6d ./Src/UART.o
 .debug_macro   0x0000000000018640       0x1c ./Src/UART.o
 .debug_macro   0x000000000001865c      0x1c6 ./Src/main.o
 .debug_macro   0x0000000000018822       0x5b ./Src/main.o
 .debug_macro   0x000000000001887d       0x2a ./Src/main.o
 .debug_macro   0x00000000000188a7       0x94 ./Src/main.o
 .debug_macro   0x000000000001893b       0x43 ./Src/main.o
 .debug_macro   0x000000000001897e       0x34 ./Src/main.o
 .debug_macro   0x00000000000189b2       0x16 ./Src/main.o
 .debug_macro   0x00000000000189c8       0x57 ./Src/main.o
 .debug_macro   0x0000000000018a1f       0x97 ./Src/main.o
 .debug_macro   0x0000000000018ab6      0x369 ./Src/main.o
 .debug_macro   0x0000000000018e1f       0xfd ./Src/main.o
 .debug_macro   0x0000000000018f1c       0x10 ./Src/main.o
 .debug_macro   0x0000000000018f2c       0x16 ./Src/main.o
 .debug_macro   0x0000000000018f42       0x43 ./Src/main.o
 .debug_macro   0x0000000000018f85       0x34 ./Src/main.o
 .debug_macro   0x0000000000018fb9       0x10 ./Src/main.o
 .debug_macro   0x0000000000018fc9       0x58 ./Src/main.o
 .debug_macro   0x0000000000019021       0x8e ./Src/main.o
 .debug_macro   0x00000000000190af       0x1c ./Src/main.o
 .debug_macro   0x00000000000190cb      0x177 ./Src/main.o
 .debug_macro   0x0000000000019242       0x16 ./Src/main.o
 .debug_macro   0x0000000000019258       0x16 ./Src/main.o
 .debug_macro   0x000000000001926e      0x147 ./Src/main.o

.debug_line     0x0000000000000000      0xd7e
 .debug_line    0x0000000000000000      0x645 ./Src/UART.o
 .debug_line    0x0000000000000645      0x6be ./Src/main.o
 .debug_line    0x0000000000000d03       0x7b ./Startup/startup_stm32l452retx.o

.debug_str      0x0000000000000000    0x8aa74
 .debug_str     0x0000000000000000    0x8700f ./Src/UART.o
                                      0x871b8 (size before relaxing)
 .debug_str     0x000000000008700f     0x3a36 ./Src/main.o
                                      0x8abe9 (size before relaxing)
 .debug_str     0x000000000008aa45       0x2f ./Startup/startup_stm32l452retx.o
                                         0x8d (size before relaxing)

.debug_frame    0x0000000000000000      0x160
 .debug_frame   0x0000000000000000      0x108 ./Src/UART.o
 .debug_frame   0x0000000000000108       0x2c ./Src/main.o
 .debug_frame   0x0000000000000134       0x2c C:/ST/STM32CubeIDE_1.13.2/STM32CubeIDE/plugins/com.st.stm32cube.ide.mcu.externaltools.gnu-tools-for-stm32.11.3.rel1.win32_1.1.1.202309131626/tools/bin/../lib/gcc/arm-none-eabi/11.3.1/../../../../arm-none-eabi/lib/thumb/v7e-m+fp/hard\libc_nano.a(libc_a-init.o)

.debug_line_str
                0x0000000000000000       0x81
 .debug_line_str
                0x0000000000000000       0x81 ./Startup/startup_stm32l452retx.o
                                         0x99 (size before relaxing)
